// Jest Snapshot v1, https://goo.gl/fbAQLP

exports[`ApiTextField.vue renders correctly 1`] = `
<v-form-stub
  class="e-form-container"
>
  <e-text-field-stub
    errormessages=""
    hidedetails="auto"
    inputclass=""
    label="Test Field"
    outlined="true"
    value="Test Value"
    veerules=""
  />
</v-form-stub>
`;
