{
  "box": {},
  "children": [
    {
      "box": {},
      "children": [
        {
          "box": {},
          "children": [
            {
              "box": {},
              "children": [
                {
                  "parent": [Circular],
                  "type": "TEXT_INSTANCE",
                  "value": "GRGR",
                },
              ],
              "parent": [Circular],
              "props": {
                "class": "cover-camp-title cover-center",
              },
              "style": {
                "fontSize": "38pt",
                "fontWeight": "semibold",
                "margin": "40pt 0",
                "textAlign": "center",
              },
              "type": "TEXT",
            },
            {
              "box": {},
              "children": [
                {
                  "parent": [Circular],
                  "type": "TEXT_INSTANCE",
                  "value": "Grandiose RealityTV Show",
                },
              ],
              "parent": [Circular],
              "props": {
                "class": "cover-camp-motto cover-center",
              },
              "style": {
                "fontSize": "28pt",
                "fontWeight": "medium",
                "textAlign": "center",
              },
              "type": "TEXT",
            },
          ],
          "parent": [Circular],
          "props": {
            "class": "cover-camp-wrapper",
          },
          "style": {
            "padding": "72pt 0 0",
          },
          "type": "VIEW",
        },
      ],
      "parent": [Circular],
      "props": {
        "bookmark": "Cover page",
        "class": "page",
        "id": "entry-0",
        "size": "A4",
      },
      "style": {
        "display": "flex",
        "flexDirection": "column",
        "fontFamily": "InterDisplay",
        "fontSize": "12",
        "padding": "30",
      },
      "type": "PAGE",
    },
  ],
  "parent": null,
  "props": {
    "locale": "de",
    "pdfVersion": "1.7",
    "store": {
      "get": [Function],
      "href": [Function],
    },
    "tc": [Function],
  },
  "style": {},
  "type": "DOCUMENT",
}