// Jest Snapshot v1, https://goo.gl/fbAQLP

exports[`ApiTextField.vue renders correctly 1`] = `
<span>
  <!---->
   
  <span>
    <form
      class="v-form mb-2"
      inline=""
      novalidate="novalidate"
    >
      <div
        class="v-input theme--light v-text-field v-select"
      >
        <div
          class="v-input__control"
        >
          <div
            aria-expanded="false"
            aria-haspopup="listbox"
            aria-owns="list-8"
            class="v-input__slot"
            role="button"
          >
            <div
              class="v-select__slot"
            >
              <label
                class="v-label theme--light"
                for="input-8"
                style="left: 0px; position: absolute;"
              >
                Test Field
              </label>
              <div
                class="v-select__selections"
              >
                <input
                  aria-readonly="true"
                  autocomplete="off"
                  id="input-8"
                  readonly="readonly"
                  type="text"
                />
              </div>
              <div
                class="v-input__append-inner"
              >
                <span>
                  <!---->
                   
                  <!---->
                </span>
              </div>
              <input
                type="hidden"
                value="Test Value"
              />
            </div>
            <div
              class="v-menu"
            >
              <div
                class="v-menu__content theme--light "
                style="max-height: 304px; min-width: 0px; max-width: auto; top: 12px; left: 0px; transform-origin: top left; z-index: 0; display: none;"
              />
            </div>
          </div>
          <div
            class="v-text-field__details"
          >
            <div
              class="v-messages theme--light"
            >
              <div
                class="v-messages__wrapper"
              />
            </div>
          </div>
        </div>
      </div>
       
      <!---->
       
      <!---->
    </form>
  </span>
</span>
`;
